******************************************************************************
                  MSP430 Linker PC v4.4.3                      
******************************************************************************
>> Linked Thu Feb 26 12:32:58 2015

OUTPUT FILE NAME:   <msp430g2xx3_uscia0_uart_01_9600.out>
ENTRY POINT SYMBOL: "_c_int00_noargs_noexit"  address: 0000dde0


MEMORY CONFIGURATION

         name            origin    length      used     unused   attr    fill
----------------------  --------  ---------  --------  --------  ----  --------
  SFR                   00000000   00000010  00000000  00000010  RWIX
  PERIPHERALS_8BIT      00000010   000000f0  00000000  000000f0  RWIX
  PERIPHERALS_16BIT     00000100   00000100  00000000  00000100  RWIX
  RAM                   00000200   00000200  000000bb  00000145  RWIX
  INFOD                 00001000   00000040  00000000  00000040  RWIX
  INFOC                 00001040   00000040  00000000  00000040  RWIX
  INFOB                 00001080   00000040  00000000  00000040  RWIX
  INFOA                 000010c0   00000040  00000000  00000040  RWIX
  FLASH                 0000c000   00003fe0  00001ed6  0000210a  RWIX
  INT00                 0000ffe0   00000002  00000000  00000002  RWIX
  INT01                 0000ffe2   00000002  00000000  00000002  RWIX
  INT02                 0000ffe4   00000002  00000002  00000000  RWIX
  INT03                 0000ffe6   00000002  00000002  00000000  RWIX
  INT04                 0000ffe8   00000002  00000000  00000002  RWIX
  INT05                 0000ffea   00000002  00000002  00000000  RWIX
  INT06                 0000ffec   00000002  00000002  00000000  RWIX
  INT07                 0000ffee   00000002  00000002  00000000  RWIX
  INT08                 0000fff0   00000002  00000002  00000000  RWIX
  INT09                 0000fff2   00000002  00000002  00000000  RWIX
  INT10                 0000fff4   00000002  00000002  00000000  RWIX
  INT11                 0000fff6   00000002  00000002  00000000  RWIX
  INT12                 0000fff8   00000002  00000002  00000000  RWIX
  INT13                 0000fffa   00000002  00000002  00000000  RWIX
  INT14                 0000fffc   00000002  00000002  00000000  RWIX
  RESET                 0000fffe   00000002  00000002  00000000  RWIX


SECTION ALLOCATION MAP

 output                                  attributes/
section   page    origin      length       input sections
--------  ----  ----------  ----------   ----------------
.bss       0    00000200    00000011     UNINITIALIZED
                  00000200    00000011     (.common:sMessage)

.data      0    00000212    0000000a     UNINITIALIZED
                  00000212    0000000a     msp430g2xx3_uscia0_uart_01_9600.obj (.data)

.stack     0    00000360    000000a0     UNINITIALIZED
                  00000360    00000002     rts430_eabi.lib : boot.obj (.stack)
                  00000362    0000009e     --HOLE--

.text      0    0000c000    00001eba     
                  0000c000    00000462     rts430_eabi.lib : frcdivd.obj (.text:__TI_frcdivd)
                  0000c462    000003e8     msp430g2xx3_uscia0_uart_01_9600.obj (.text:main)
                  0000c84a    000002f4     rts430_eabi.lib : frcmpyd.obj (.text:__TI_frcmpyd)
                  0000cb3e    000002e8                     : addd.obj (.text:__mspabi_addd)
                  0000ce26    0000026e                     : mpyd.obj (.text:__mspabi_mpyd)
                  0000d094    00000260                     : frcaddd.obj (.text:__TI_frcaddd)
                  0000d2f4    00000238                     : divd.obj (.text:__mspabi_divd)
                  0000d52c    000000c2                     : fs_mpy.obj (.text)
                  0000d5ee    000000be                     : renormd.obj (.text:__TI_renormd)
                  0000d6ac    000000a2                     : fltlid.obj (.text:__mspabi_fltlid)
                  0000d74e    0000009a                     : fs_div.obj (.text)
                  0000d7e8    00000092     msp430g2xx3_uscia0_uart_01_9600.obj (.text:GoFromZeroPositionToSelected)
                  0000d87a    00000072     rts430_eabi.lib : fixdli.obj (.text:__mspabi_fixdli)
                  0000d8ec    0000006c     msp430g2xx3_uscia0_uart_01_9600.obj (.text:InitBoard)
                  0000d958    00000068     rts430_eabi.lib : cvtfd.obj (.text:__mspabi_cvtfd)
                  0000d9c0    00000068                     : fs_toi.obj (.text)
                  0000da28    00000064                     : copy_decompress_rle.obj (.text:__TI_decompress_rle_core)
                  0000da8c    0000005c                     : lsr32.obj (.text:l_lsr_const)
                  0000dae8    00000058                     : autoinit.obj (.text:_auto_init)
                  0000db40    00000056     msp430g2xx3_uscia0_uart_01_9600.obj (.text:HandleMessage)
                  0000db96    0000004c     rts430_eabi.lib : lsr16.obj (.text)
                  0000dbe2    0000004a                     : fs_ltof.obj (.text)
                  0000dc2c    0000003e                     : asr32.obj (.text:l_asr_const)
                  0000dc6a    0000003e                     : lsl32.obj (.text:l_lsl_const)
                  0000dca8    00000036                     : fs_itof.obj (.text)
                  0000dcde    00000032     msp430g2xx3_uscia0_uart_01_9600.obj (.text:DelayMs)
                  0000dd10    0000002e     rts430_eabi.lib : subd.obj (.text:__mspabi_subd)
                  0000dd3e    0000002c                     : asr16.obj (.text)
                  0000dd6a    0000002c                     : lsl16.obj (.text)
                  0000dd96    00000026                     : mult32.obj (.text)
                  0000ddbc    00000024     msp430g2xx3_uscia0_uart_01_9600.obj (.text:USCI0RX_ISR)
                  0000dde0    0000001a     rts430_eabi.lib : boot_special.obj (.text:_c_int00_noargs_noexit)
                  0000ddfa    00000014                     : copy_zero_init.obj (.text:decompress:ZI:__TI_zero_init)
                  0000de0e    00000014                     : memset.obj (.text:memset)
                  0000de22    00000014                     : mult16.obj (.text)
                  0000de36    00000012                     : copy_decompress_none.obj (.text:decompress:none:__TI_decompress_none)
                  0000de48    00000012                     : lsr32.obj (.text:l_lsr)
                  0000de5a    00000012                     : memcpy.obj (.text:memcpy)
                  0000de6c    00000010                     : asr32.obj (.text:l_asr)
                  0000de7c    00000010                     : lsl32.obj (.text:l_lsl)
                  0000de8c    00000010                     : epilog.obj (.text)
                  0000de9c    0000000a     msp430g2xx3_uscia0_uart_01_9600.obj (.text:Timer_A)
                  0000dea6    00000006     rts430_eabi.lib : isr_trap.obj (.text:_isr:__TI_ISR_TRAP)
                  0000deac    00000006                     : copy_decompress_rle.obj (.text:decompress:rle24:__TI_decompress_rle24)
                  0000deb2    00000004                     : pre_init.obj (.text:_system_pre_init)
                  0000deb6    00000004                     : exit.obj (.text:abort)

.cinit     0    0000deba    0000001c     
                  0000deba    00000009     (.cinit..data.load) [load image, compression = rle]
                  0000dec3    00000001     --HOLE-- [fill = 0]
                  0000dec4    00000006     (__TI_handler_table)
                  0000deca    00000004     (.cinit..bss.load) [load image, compression = zero_init]
                  0000dece    00000008     (__TI_cinit_table)

.init_array 
*          0    0000c000    00000000     UNINITIALIZED

.TI.noinit 
*          0    00000200    00000000     UNINITIALIZED

.TI.persistent 
*          0    00000212    00000000     UNINITIALIZED

PORT1      0    0000ffe4    00000002     
                  0000ffe4    00000002     rts430_eabi.lib : int02.obj (.int02)

PORT2      0    0000ffe6    00000002     
                  0000ffe6    00000002     rts430_eabi.lib : int03.obj (.int03)

ADC10      0    0000ffea    00000002     
                  0000ffea    00000002     rts430_eabi.lib : int05.obj (.int05)

USCIAB0TX 
*          0    0000ffec    00000002     
                  0000ffec    00000002     rts430_eabi.lib : int06.obj (.int06)

USCIAB0RX 
*          0    0000ffee    00000002     
                  0000ffee    00000002     msp430g2xx3_uscia0_uart_01_9600.obj (.int07)

TIMER0_A1 
*          0    0000fff0    00000002     
                  0000fff0    00000002     rts430_eabi.lib : int08.obj (.int08)

TIMER0_A0 
*          0    0000fff2    00000002     
                  0000fff2    00000002     msp430g2xx3_uscia0_uart_01_9600.obj (.int09)

WDT        0    0000fff4    00000002     
                  0000fff4    00000002     rts430_eabi.lib : int10.obj (.int10)

COMPARATORA 
*          0    0000fff6    00000002     
                  0000fff6    00000002     rts430_eabi.lib : int11.obj (.int11)

TIMER1_A1 
*          0    0000fff8    00000002     
                  0000fff8    00000002     rts430_eabi.lib : int12.obj (.int12)

TIMER1_A0 
*          0    0000fffa    00000002     
                  0000fffa    00000002     rts430_eabi.lib : int13.obj (.int13)

NMI        0    0000fffc    00000002     
                  0000fffc    00000002     rts430_eabi.lib : int14.obj (.int14)

.reset     0    0000fffe    00000002     
                  0000fffe    00000002     rts430_eabi.lib : boot.obj (.reset)


LINKER GENERATED COPY TABLES

__TI_cinit_table @ 0000dece records: 2, size/record: 4, table size: 8
	.data: load addr=0000deba, load size=00000009 bytes, run addr=00000212, run size=0000000a bytes, compression=rle
	.bss: load addr=0000deca, load size=00000004 bytes, run addr=00000200, run size=00000011 bytes, compression=zero_init


LINKER GENERATED HANDLER TABLE

__TI_handler_table @ 0000dec4 records: 3, size/record: 2, table size: 6
	index: 0, handler: __TI_zero_init
	index: 1, handler: __TI_decompress_rle24
	index: 2, handler: __TI_decompress_none


GLOBAL SYMBOLS: SORTED ALPHABETICALLY BY Name 

address   name                        
-------   ----                        
0000004a  ADC10AE0                    
000001b0  ADC10CTL0                   
000001b2  ADC10CTL1                   
00000048  ADC10DTC0                   
00000049  ADC10DTC1                   
000001b4  ADC10MEM                    
000001bc  ADC10SA                     
00000057  BCSCTL1                     
00000058  BCSCTL2                     
00000053  BCSCTL3                     
0000deb6  C$$EXIT                     
00000059  CACTL1                      
0000005a  CACTL2                      
000010fb  CALBC1_12MHZ                
000010f9  CALBC1_16MHZ                
000010ff  CALBC1_1MHZ                 
000010fd  CALBC1_8MHZ                 
000010fa  CALDCO_12MHZ                
000010f8  CALDCO_16MHZ                
000010fe  CALDCO_1MHZ                 
000010fc  CALDCO_8MHZ                 
0000005b  CAPD                        
00000056  DCOCTL                      
0000dcde  DelayMs                     
00000128  FCTL1                       
0000012a  FCTL2                       
0000012c  FCTL3                       
0000d7e8  GoFromZeroPositionToSelected
0000db40  HandleMessage               
00000000  IE1                         
00000001  IE2                         
00000002  IFG1                        
00000003  IFG2                        
0000d8ec  InitBoard                   
00000022  P1DIR                       
00000025  P1IE                        
00000024  P1IES                       
00000023  P1IFG                       
00000020  P1IN                        
00000021  P1OUT                       
00000027  P1REN                       
00000026  P1SEL                       
00000041  P1SEL2                      
0000002a  P2DIR                       
0000002d  P2IE                        
0000002c  P2IES                       
0000002b  P2IFG                       
00000028  P2IN                        
00000029  P2OUT                       
0000002f  P2REN                       
0000002e  P2SEL                       
00000042  P2SEL2                      
0000001a  P3DIR                       
00000018  P3IN                        
00000019  P3OUT                       
00000010  P3REN                       
0000001b  P3SEL                       
00000043  P3SEL2                      
00000172  TA0CCR0                     
00000174  TA0CCR1                     
00000176  TA0CCR2                     
00000162  TA0CCTL0                    
00000164  TA0CCTL1                    
00000166  TA0CCTL2                    
00000160  TA0CTL                      
0000012e  TA0IV                       
00000170  TA0R                        
00000192  TA1CCR0                     
00000194  TA1CCR1                     
00000196  TA1CCR2                     
00000182  TA1CCTL0                    
00000184  TA1CCTL1                    
00000186  TA1CCTL2                    
00000180  TA1CTL                      
0000011e  TA1IV                       
00000190  TA1R                        
000010db  TLV_ADC10_1_LEN             
000010da  TLV_ADC10_1_TAG             
000010c0  TLV_CHECKSUM                
000010f7  TLV_DCO_30_LEN              
000010f6  TLV_DCO_30_TAG              
0000de9c  Timer_A                     
0000005d  UCA0ABCTL                   
00000062  UCA0BR0                     
00000063  UCA0BR1                     
00000060  UCA0CTL0                    
00000061  UCA0CTL1                    
0000005f  UCA0IRRCTL                  
0000005e  UCA0IRTCTL                  
00000064  UCA0MCTL                    
00000066  UCA0RXBUF                   
00000065  UCA0STAT                    
00000067  UCA0TXBUF                   
0000006a  UCB0BR0                     
0000006b  UCB0BR1                     
00000068  UCB0CTL0                    
00000069  UCB0CTL1                    
0000006c  UCB0I2CIE                   
00000118  UCB0I2COA                   
0000011a  UCB0I2CSA                   
0000006e  UCB0RXBUF                   
0000006d  UCB0STAT                    
0000006f  UCB0TXBUF                   
0000ddbc  USCI0RX_ISR                 
00000120  WDTCTL                      
00000400  __STACK_END                 
000000a0  __STACK_SIZE                
0000dece  __TI_CINIT_Base             
0000ded6  __TI_CINIT_Limit            
0000dec4  __TI_Handler_Table_Base     
0000deca  __TI_Handler_Table_Limit    
UNDEFED   __TI_INITARRAY_Base         
UNDEFED   __TI_INITARRAY_Limit        
0000dea6  __TI_ISR_TRAP               
0000de36  __TI_decompress_none        
0000deac  __TI_decompress_rle24       
0000d094  __TI_frcaddd                
0000c000  __TI_frcdivd                
0000c84a  __TI_frcmpyd                
0000ffe4  __TI_int02                  
0000ffe6  __TI_int03                  
0000ffea  __TI_int05                  
0000ffec  __TI_int06                  
0000ffee  __TI_int07                  
0000fff0  __TI_int08                  
0000fff2  __TI_int09                  
0000fff4  __TI_int10                  
0000fff6  __TI_int11                  
0000fff8  __TI_int12                  
0000fffa  __TI_int13                  
0000fffc  __TI_int14                  
0000d5ee  __TI_renormd                
0000ddfa  __TI_zero_init              
ffffffff  __binit__                   
ffffffff  __c_args__                  
0000cb3e  __mspabi_addd               
0000d958  __mspabi_cvtfd              
0000d2f4  __mspabi_divd               
0000d74e  __mspabi_divf               
0000d87a  __mspabi_fixdli             
0000d9c0  __mspabi_fixfi              
0000dca8  __mspabi_fltif              
0000d6ac  __mspabi_fltlid             
0000dbe2  __mspabi_fltlif             
0000de98  __mspabi_func_epilog_1      
0000de96  __mspabi_func_epilog_2      
0000de94  __mspabi_func_epilog_3      
0000de92  __mspabi_func_epilog_4      
0000de90  __mspabi_func_epilog_5      
0000de8e  __mspabi_func_epilog_6      
0000de8c  __mspabi_func_epilog_7      
0000ce26  __mspabi_mpyd               
0000d52c  __mspabi_mpyf               
0000de22  __mspabi_mpyi               
0000de22  __mspabi_mpyi_sw            
0000dd96  __mspabi_mpyl               
0000dd96  __mspabi_mpyl_sw            
0000dd6a  __mspabi_slli               
0000dd92  __mspabi_slli_1             
0000dd80  __mspabi_slli_10            
0000dd7e  __mspabi_slli_11            
0000dd7c  __mspabi_slli_12            
0000dd7a  __mspabi_slli_13            
0000dd78  __mspabi_slli_14            
0000dd76  __mspabi_slli_15            
0000dd90  __mspabi_slli_2             
0000dd8e  __mspabi_slli_3             
0000dd8c  __mspabi_slli_4             
0000dd8a  __mspabi_slli_5             
0000dd88  __mspabi_slli_6             
0000dd86  __mspabi_slli_7             
0000dd84  __mspabi_slli_8             
0000dd82  __mspabi_slli_9             
0000de7c  __mspabi_slll               
0000dca2  __mspabi_slll_1             
0000dc7e  __mspabi_slll_10            
0000dc7a  __mspabi_slll_11            
0000dc76  __mspabi_slll_12            
0000dc72  __mspabi_slll_13            
0000dc6e  __mspabi_slll_14            
0000dc6a  __mspabi_slll_15            
0000dc9e  __mspabi_slll_2             
0000dc9a  __mspabi_slll_3             
0000dc96  __mspabi_slll_4             
0000dc92  __mspabi_slll_5             
0000dc8e  __mspabi_slll_6             
0000dc8a  __mspabi_slll_7             
0000dc86  __mspabi_slll_8             
0000dc82  __mspabi_slll_9             
0000dd3e  __mspabi_srai               
0000dd66  __mspabi_srai_1             
0000dd54  __mspabi_srai_10            
0000dd52  __mspabi_srai_11            
0000dd50  __mspabi_srai_12            
0000dd4e  __mspabi_srai_13            
0000dd4c  __mspabi_srai_14            
0000dd4a  __mspabi_srai_15            
0000dd64  __mspabi_srai_2             
0000dd62  __mspabi_srai_3             
0000dd60  __mspabi_srai_4             
0000dd5e  __mspabi_srai_5             
0000dd5c  __mspabi_srai_6             
0000dd5a  __mspabi_srai_7             
0000dd58  __mspabi_srai_8             
0000dd56  __mspabi_srai_9             
0000de6c  __mspabi_sral               
0000dc64  __mspabi_sral_1             
0000dc40  __mspabi_sral_10            
0000dc3c  __mspabi_sral_11            
0000dc38  __mspabi_sral_12            
0000dc34  __mspabi_sral_13            
0000dc30  __mspabi_sral_14            
0000dc2c  __mspabi_sral_15            
0000dc60  __mspabi_sral_2             
0000dc5c  __mspabi_sral_3             
0000dc58  __mspabi_sral_4             
0000dc54  __mspabi_sral_5             
0000dc50  __mspabi_sral_6             
0000dc4c  __mspabi_sral_7             
0000dc48  __mspabi_sral_8             
0000dc44  __mspabi_sral_9             
0000db96  __mspabi_srli               
0000dbdc  __mspabi_srli_1             
0000dbb8  __mspabi_srli_10            
0000dbb4  __mspabi_srli_11            
0000dbb0  __mspabi_srli_12            
0000dbac  __mspabi_srli_13            
0000dba8  __mspabi_srli_14            
0000dba4  __mspabi_srli_15            
0000dbd8  __mspabi_srli_2             
0000dbd4  __mspabi_srli_3             
0000dbd0  __mspabi_srli_4             
0000dbcc  __mspabi_srli_5             
0000dbc8  __mspabi_srli_6             
0000dbc4  __mspabi_srli_7             
0000dbc0  __mspabi_srli_8             
0000dbbc  __mspabi_srli_9             
0000de48  __mspabi_srll               
0000dae0  __mspabi_srll_1             
0000daaa  __mspabi_srll_10            
0000daa4  __mspabi_srll_11            
0000da9e  __mspabi_srll_12            
0000da98  __mspabi_srll_13            
0000da92  __mspabi_srll_14            
0000da8c  __mspabi_srll_15            
0000dada  __mspabi_srll_2             
0000dad4  __mspabi_srll_3             
0000dace  __mspabi_srll_4             
0000dac8  __mspabi_srll_5             
0000dac2  __mspabi_srll_6             
0000dabc  __mspabi_srll_7             
0000dab6  __mspabi_srll_8             
0000dab0  __mspabi_srll_9             
0000dd10  __mspabi_subd               
0000dae8  _auto_init                  
0000dde0  _c_int00_noargs_noexit      
0000fffe  _reset_vector               
00000360  _stack                      
0000deb2  _system_pre_init            
0000deb6  abort                       
ffffffff  binit                       
0000c462  main                        
0000de5a  memcpy                      
0000de0e  memset                      


GLOBAL SYMBOLS: SORTED BY Symbol Address 

address   name                        
-------   ----                        
00000000  IE1                         
00000001  IE2                         
00000002  IFG1                        
00000003  IFG2                        
00000010  P3REN                       
00000018  P3IN                        
00000019  P3OUT                       
0000001a  P3DIR                       
0000001b  P3SEL                       
00000020  P1IN                        
00000021  P1OUT                       
00000022  P1DIR                       
00000023  P1IFG                       
00000024  P1IES                       
00000025  P1IE                        
00000026  P1SEL                       
00000027  P1REN                       
00000028  P2IN                        
00000029  P2OUT                       
0000002a  P2DIR                       
0000002b  P2IFG                       
0000002c  P2IES                       
0000002d  P2IE                        
0000002e  P2SEL                       
0000002f  P2REN                       
00000041  P1SEL2                      
00000042  P2SEL2                      
00000043  P3SEL2                      
00000048  ADC10DTC0                   
00000049  ADC10DTC1                   
0000004a  ADC10AE0                    
00000053  BCSCTL3                     
00000056  DCOCTL                      
00000057  BCSCTL1                     
00000058  BCSCTL2                     
00000059  CACTL1                      
0000005a  CACTL2                      
0000005b  CAPD                        
0000005d  UCA0ABCTL                   
0000005e  UCA0IRTCTL                  
0000005f  UCA0IRRCTL                  
00000060  UCA0CTL0                    
00000061  UCA0CTL1                    
00000062  UCA0BR0                     
00000063  UCA0BR1                     
00000064  UCA0MCTL                    
00000065  UCA0STAT                    
00000066  UCA0RXBUF                   
00000067  UCA0TXBUF                   
00000068  UCB0CTL0                    
00000069  UCB0CTL1                    
0000006a  UCB0BR0                     
0000006b  UCB0BR1                     
0000006c  UCB0I2CIE                   
0000006d  UCB0STAT                    
0000006e  UCB0RXBUF                   
0000006f  UCB0TXBUF                   
000000a0  __STACK_SIZE                
00000118  UCB0I2COA                   
0000011a  UCB0I2CSA                   
0000011e  TA1IV                       
00000120  WDTCTL                      
00000128  FCTL1                       
0000012a  FCTL2                       
0000012c  FCTL3                       
0000012e  TA0IV                       
00000160  TA0CTL                      
00000162  TA0CCTL0                    
00000164  TA0CCTL1                    
00000166  TA0CCTL2                    
00000170  TA0R                        
00000172  TA0CCR0                     
00000174  TA0CCR1                     
00000176  TA0CCR2                     
00000180  TA1CTL                      
00000182  TA1CCTL0                    
00000184  TA1CCTL1                    
00000186  TA1CCTL2                    
00000190  TA1R                        
00000192  TA1CCR0                     
00000194  TA1CCR1                     
00000196  TA1CCR2                     
000001b0  ADC10CTL0                   
000001b2  ADC10CTL1                   
000001b4  ADC10MEM                    
000001bc  ADC10SA                     
00000360  _stack                      
00000400  __STACK_END                 
000010c0  TLV_CHECKSUM                
000010da  TLV_ADC10_1_TAG             
000010db  TLV_ADC10_1_LEN             
000010f6  TLV_DCO_30_TAG              
000010f7  TLV_DCO_30_LEN              
000010f8  CALDCO_16MHZ                
000010f9  CALBC1_16MHZ                
000010fa  CALDCO_12MHZ                
000010fb  CALBC1_12MHZ                
000010fc  CALDCO_8MHZ                 
000010fd  CALBC1_8MHZ                 
000010fe  CALDCO_1MHZ                 
000010ff  CALBC1_1MHZ                 
0000c000  __TI_frcdivd                
0000c462  main                        
0000c84a  __TI_frcmpyd                
0000cb3e  __mspabi_addd               
0000ce26  __mspabi_mpyd               
0000d094  __TI_frcaddd                
0000d2f4  __mspabi_divd               
0000d52c  __mspabi_mpyf               
0000d5ee  __TI_renormd                
0000d6ac  __mspabi_fltlid             
0000d74e  __mspabi_divf               
0000d7e8  GoFromZeroPositionToSelected
0000d87a  __mspabi_fixdli             
0000d8ec  InitBoard                   
0000d958  __mspabi_cvtfd              
0000d9c0  __mspabi_fixfi              
0000da8c  __mspabi_srll_15            
0000da92  __mspabi_srll_14            
0000da98  __mspabi_srll_13            
0000da9e  __mspabi_srll_12            
0000daa4  __mspabi_srll_11            
0000daaa  __mspabi_srll_10            
0000dab0  __mspabi_srll_9             
0000dab6  __mspabi_srll_8             
0000dabc  __mspabi_srll_7             
0000dac2  __mspabi_srll_6             
0000dac8  __mspabi_srll_5             
0000dace  __mspabi_srll_4             
0000dad4  __mspabi_srll_3             
0000dada  __mspabi_srll_2             
0000dae0  __mspabi_srll_1             
0000dae8  _auto_init                  
0000db40  HandleMessage               
0000db96  __mspabi_srli               
0000dba4  __mspabi_srli_15            
0000dba8  __mspabi_srli_14            
0000dbac  __mspabi_srli_13            
0000dbb0  __mspabi_srli_12            
0000dbb4  __mspabi_srli_11            
0000dbb8  __mspabi_srli_10            
0000dbbc  __mspabi_srli_9             
0000dbc0  __mspabi_srli_8             
0000dbc4  __mspabi_srli_7             
0000dbc8  __mspabi_srli_6             
0000dbcc  __mspabi_srli_5             
0000dbd0  __mspabi_srli_4             
0000dbd4  __mspabi_srli_3             
0000dbd8  __mspabi_srli_2             
0000dbdc  __mspabi_srli_1             
0000dbe2  __mspabi_fltlif             
0000dc2c  __mspabi_sral_15            
0000dc30  __mspabi_sral_14            
0000dc34  __mspabi_sral_13            
0000dc38  __mspabi_sral_12            
0000dc3c  __mspabi_sral_11            
0000dc40  __mspabi_sral_10            
0000dc44  __mspabi_sral_9             
0000dc48  __mspabi_sral_8             
0000dc4c  __mspabi_sral_7             
0000dc50  __mspabi_sral_6             
0000dc54  __mspabi_sral_5             
0000dc58  __mspabi_sral_4             
0000dc5c  __mspabi_sral_3             
0000dc60  __mspabi_sral_2             
0000dc64  __mspabi_sral_1             
0000dc6a  __mspabi_slll_15            
0000dc6e  __mspabi_slll_14            
0000dc72  __mspabi_slll_13            
0000dc76  __mspabi_slll_12            
0000dc7a  __mspabi_slll_11            
0000dc7e  __mspabi_slll_10            
0000dc82  __mspabi_slll_9             
0000dc86  __mspabi_slll_8             
0000dc8a  __mspabi_slll_7             
0000dc8e  __mspabi_slll_6             
0000dc92  __mspabi_slll_5             
0000dc96  __mspabi_slll_4             
0000dc9a  __mspabi_slll_3             
0000dc9e  __mspabi_slll_2             
0000dca2  __mspabi_slll_1             
0000dca8  __mspabi_fltif              
0000dcde  DelayMs                     
0000dd10  __mspabi_subd               
0000dd3e  __mspabi_srai               
0000dd4a  __mspabi_srai_15            
0000dd4c  __mspabi_srai_14            
0000dd4e  __mspabi_srai_13            
0000dd50  __mspabi_srai_12            
0000dd52  __mspabi_srai_11            
0000dd54  __mspabi_srai_10            
0000dd56  __mspabi_srai_9             
0000dd58  __mspabi_srai_8             
0000dd5a  __mspabi_srai_7             
0000dd5c  __mspabi_srai_6             
0000dd5e  __mspabi_srai_5             
0000dd60  __mspabi_srai_4             
0000dd62  __mspabi_srai_3             
0000dd64  __mspabi_srai_2             
0000dd66  __mspabi_srai_1             
0000dd6a  __mspabi_slli               
0000dd76  __mspabi_slli_15            
0000dd78  __mspabi_slli_14            
0000dd7a  __mspabi_slli_13            
0000dd7c  __mspabi_slli_12            
0000dd7e  __mspabi_slli_11            
0000dd80  __mspabi_slli_10            
0000dd82  __mspabi_slli_9             
0000dd84  __mspabi_slli_8             
0000dd86  __mspabi_slli_7             
0000dd88  __mspabi_slli_6             
0000dd8a  __mspabi_slli_5             
0000dd8c  __mspabi_slli_4             
0000dd8e  __mspabi_slli_3             
0000dd90  __mspabi_slli_2             
0000dd92  __mspabi_slli_1             
0000dd96  __mspabi_mpyl               
0000dd96  __mspabi_mpyl_sw            
0000ddbc  USCI0RX_ISR                 
0000dde0  _c_int00_noargs_noexit      
0000ddfa  __TI_zero_init              
0000de0e  memset                      
0000de22  __mspabi_mpyi               
0000de22  __mspabi_mpyi_sw            
0000de36  __TI_decompress_none        
0000de48  __mspabi_srll               
0000de5a  memcpy                      
0000de6c  __mspabi_sral               
0000de7c  __mspabi_slll               
0000de8c  __mspabi_func_epilog_7      
0000de8e  __mspabi_func_epilog_6      
0000de90  __mspabi_func_epilog_5      
0000de92  __mspabi_func_epilog_4      
0000de94  __mspabi_func_epilog_3      
0000de96  __mspabi_func_epilog_2      
0000de98  __mspabi_func_epilog_1      
0000de9c  Timer_A                     
0000dea6  __TI_ISR_TRAP               
0000deac  __TI_decompress_rle24       
0000deb2  _system_pre_init            
0000deb6  C$$EXIT                     
0000deb6  abort                       
0000dec4  __TI_Handler_Table_Base     
0000deca  __TI_Handler_Table_Limit    
0000dece  __TI_CINIT_Base             
0000ded6  __TI_CINIT_Limit            
0000ffe4  __TI_int02                  
0000ffe6  __TI_int03                  
0000ffea  __TI_int05                  
0000ffec  __TI_int06                  
0000ffee  __TI_int07                  
0000fff0  __TI_int08                  
0000fff2  __TI_int09                  
0000fff4  __TI_int10                  
0000fff6  __TI_int11                  
0000fff8  __TI_int12                  
0000fffa  __TI_int13                  
0000fffc  __TI_int14                  
0000fffe  _reset_vector               
ffffffff  __binit__                   
ffffffff  __c_args__                  
ffffffff  binit                       
UNDEFED   __TI_INITARRAY_Base         
UNDEFED   __TI_INITARRAY_Limit        

[264 symbols]
